#
# A fatal error has been detected by the Java Runtime Environment:
#
#  EXCEPTION_ACCESS_VIOLATION (0xc0000005) at pc=0x00007fffcab660a4, pid=5556, tid=1944
#
# JRE version: OpenJDK Runtime Environment Temurin-21.0.12.1+1 (21.0.12.1+1) (build 21.0.12.1+1-LTS)
# Java VM: OpenJDK 64-Bit Server VM Temurin-21.0.12.1+1 (21.0.12.1+1-LTS, mixed mode, sharing, tiered, compressed oops, compressed class ptrs, parallel gc, windows-amd64)
# Problematic frame:
# V  [jvm.dll+0x7160a4]
#
# No core dump will be written. Minidumps are not enabled by default on client versions of Windows
#
# If you would like to submit a bug report, please visit:
#   https://github.com/adoptium/adoptium-support/issues
#

---------------  S U M M A R Y ------------

Command Line: --add-modules=ALL-SYSTEM --add-opens=java.base/java.util=ALL-UNNAMED --add-opens=java.base/java.lang=ALL-UNNAMED --add-opens=java.base/sun.nio.fs=ALL-UNNAMED -Declipse.application=org.eclipse.jdt.ls.core.id1 -Dosgi.bundles.defaultStartLevel=4 -Declipse.product=org.eclipse.jdt.ls.core.product -Djava.import.generatesMetadataFilesAtProjectRoot=false -Dm2e.project.cache.size=50 -DDetectVMInstallationsJob.disabled=true -Dfile.encoding=utf8 -XX:+UseParallelGC -XX:GCTimeRatio=4 -XX:AdaptiveSizePolicyWeight=90 -Dsun.zip.disableMemoryMapping=true -Xmx2G -Xms100m -Xlog:disable -javaagent:c:\Users\admin\.vscode\extensions\redhat.java-1.56.0-win32-x64\lombok\lombok-1.18.39-4050.jar -XX:+HeapDumpOnOutOfMemoryError -XX:HeapDumpPath=c:\Users\admin\AppData\Roaming\Code\User\workspaceStorage\d15ed8417d2da775a7767e5f46cb5732\redhat.java -Daether.dependencyCollector.impl=bf c:\Users\admin\.vscode\extensions\redhat.java-1.56.0-win32-x64\server\plugins\org.eclipse.equinox.launcher_1.8.0.v20260804-1928.jar -configuration c:\Users\admin\AppData\Roaming\Code\User\globalStorage\redhat.java\1.56.0\config_win -data c:\Users\admin\AppData\Roaming\Code\User\workspaceStorage\d15ed8417d2da775a7767e5f46cb5732\redhat.java\jdt_ws --pipe=\\.\pipe\lsp-7d8ae88ac959933fa52d20fd6a2c3f3e-sock

Host: Intel(R) Core(TM) i3-7020U CPU @ 2.30GHz, 4 cores, 7G,  Windows 10 , 64 bit Build 19041 (10.0.19041.5915)
Time: Fri Oct  2 14:13:43 2026 India Standard Time elapsed time: 17.514592 seconds (0d 0h 0m 17s)

---------------  T H R E A D  ---------------

Current thread (0x000001f6796f1130):  WorkerThread "GC Thread#1"    [id=1944, stack(0x0000008219a00000,0x0000008219b00000) (1024K)]

Stack: [0x0000008219a00000,0x0000008219b00000],  sp=0x0000008219aff850,  free space=1022k
Native frames: (J=compiled Java code, j=interpreted, Vv=VM code, C=native code)
V  [jvm.dll+0x7160a4]
V  [jvm.dll+0x717525]
V  [jvm.dll+0x86a44b]
V  [jvm.dll+0x718bb3]
V  [jvm.dll+0x8e3751]
V  [jvm.dll+0x8600cd]
V  [jvm.dll+0x6d6c1d]
C  [ucrtbase.dll+0x21bb2]
C  [KERNEL32.DLL+0x17374]
C  [ntdll.dll+0x4cc91]


siginfo: EXCEPTION_ACCESS_VIOLATION (0xc0000005), reading address 0x00000000d76c6510


Registers:
RAX=0x0000000000000006, RBX=0x00000000d6c4980c, RCX=0x0000000000000000, RDX=0x00000000d76c6510
RSP=0x0000008219aff850, RBP=0x0000000000000000, RSI=0x00000000000017f1, RDI=0x000001f66198e080
R8 =0x0000000000000000, R9 =0x0000000000000001, R10=0x000001f600000000, R11=0x000001f66198e080
R12=0x0000000000000010, R13=0x000000000000000c, R14=0x0000000000000021, R15=0x0000000000000040
RIP=0x00007fffcab660a4, EFLAGS=0x0000000000010202

XMM[0]=0x0000003200002318 0x0000000000000009
XMM[1]=0x6f6365522479726f 0x74636146676e6970
XMM[2]=0x0000000000000000 0xd55fff80d5600160
XMM[3]=0x0000000000000000 0x0000000000000000
XMM[4]=0x0000000000000000 0x0000000000000000
XMM[5]=0x736f706d6f436472 0x6f6365522479726f
XMM[6]=0x0000000000000000 0x0000000000000000
XMM[7]=0x0000000000000000 0x0000000000000000
XMM[8]=0x0000000000000000 0x0000000000000000
XMM[9]=0x0000000000000000 0x0000000000000000
XMM[10]=0x0000000000000000 0x0000000000000000
XMM[11]=0x0000000000000000 0x0000000000000000
XMM[12]=0x0000000000000000 0x0000000000000000
XMM[13]=0x0000000000000000 0x0000000000000000
XMM[14]=0x0000000000000000 0x0000000000000000
XMM[15]=0x0000000000000000 0x0000000000000000
  MXCSR=0x00001fa0


Register to memory mapping:

RAX=0x0000000000000006 is an unknown value
RBX=0x00000000d6c4980c points into unknown readable memory: 10 65 6c d7
RCX=0x0 is null
RDX=0x00000000d76c6510 is an unallocated location in the heap
RSP=0x0000008219aff850 points into unknown readable memory: 0x0000000081cbdb34 | 34 db cb 81 00 00 00 00
RBP=0x0 is null
RSI=0x00000000000017f1 is an unknown value
RDI=0x000001f66198e080 points into unknown readable memory: 0x00007fffcaeeb3c8 | c8 b3 ee ca ff 7f 00 00
R8 =0x0 is null
R9 =0x0000000000000001 is an unknown value
R10=0x000001f600000000 is pointing into metadata
R11=0x000001f66198e080 points into unknown readable memory: 0x00007fffcaeeb3c8 | c8 b3 ee ca ff 7f 00 00
R12=0x0000000000000010 is an unknown value
R13=0x000000000000000c is an unknown value
R14=0x0000000000000021 is an unknown value
R15=0x0000000000000040 is an unknown value

Top of Stack: (sp=0x0000008219aff850)
0x0000008219aff850:   0000000081cbdb34 00007fffca84754e   4.......Nu......
0x0000008219aff860:   0000000000000009 0000008219aff801   ................
0x0000008219aff870:   0000000000000001 0000008219aff9e8   ................
0x0000008219aff880:   000001f6791c9a20 0000000000000000    ..y............
0x0000008219aff890:   000001f67e5d6d60 000001f67e5d6d60   `m]~....`m]~....
0x0000008219aff8a0:   000000000000001a 00007fffcab67525   ........%u......
0x0000008219aff8b0:   000001f66198e080 0000000000000040   ...a....@.......
0x0000008219aff8c0:   000001f67e5d6d60 000001f66198e080   `m]~.......a....
0x0000008219aff8d0:   00007fffcaeeb6a8 000001f66198e080   ...........a....
0x0000008219aff8e0:   00007fffcae87368 0000008219aff8d0   hs..............
0x0000008219aff8f0:   0000000000000001 00007fffcab8a900   ................
0x0000008219aff900:   000001f6435682f8 00007fffcacba44b   ..VC....K.......
0x0000008219aff910:   000001f643568270 00007fffcab6887b   p.VC....{.......
0x0000008219aff920:   00007fffcaeeb530 0000000000000002   0...............
0x0000008219aff930:   000001f6791c9a20 0000000000000000    ..y............
0x0000008219aff940:   00007fffcaeeb530 0000000000000002   0...............
0x0000008219aff950:   0000008219aff9f9 00007fffcab68bb3   ................
0x0000008219aff960:   0000008218eff060 0000008218efef20   `....... .......
0x0000008219aff970:   0000000000000000 0000000000000000   ................
0x0000008219aff980:   000001f66198e080 0000000000000002   ...a............
0x0000008219aff990:   0000000000000004 000001f6791a9710   ...........y....
0x0000008219aff9a0:   0000000000000002 0000000000000002   ................
0x0000008219aff9b0:   00007fffcaeeb540 000001f66198e080   @..........a....
0x0000008219aff9c0:   0000008218efef20 000001f6793601c0    .........6y....
0x0000008219aff9d0:   00000000000003d8 000001f6793601d0   ..........6y....
0x0000008219aff9e0:   000001f6793605a8 00007fffcaeeb698   ..6y............
0x0000008219aff9f0:   0000000000000002 00007fffcae87368   ........hs......
0x0000008219affa00:   0000008219aff9b0 0000000000000001   ................
0x0000008219affa10:   0000000000000000 0000ac086ecadc50   ........P..n....
0x0000008219affa20:   000001f6791a9710 0000000000000000   ...y............
0x0000008219affa30:   0000000000000000 0000000000000002   ................
0x0000008219affa40:   000001f6791a9750 000001f661acb608   P..y.......a....

Instructions: (pc=0x00007fffcab660a4)
0x00007fffcab65fa4:   45 c5 4c 63 74 18 fe 49 8b c4 44 3b b7 30 03 00
0x00007fffcab65fb4:   00 7e 20 41 8b ee 48 8b cf 2b af 2c 03 00 00 84
0x00007fffcab65fc4:   d2 48 8b d3 49 0f 45 c5 89 6c 18 fe e8 8b 5f ff
0x00007fffcab65fd4:   ff eb 17 84 d2 41 8b e8 49 0f 45 c5 8b 0c 30 49
0x00007fffcab65fe4:   8b c4 49 0f 45 c5 89 4c 18 fe 80 3d 98 0b 59 00
0x00007fffcab65ff4:   00 b9 18 00 00 00 48 63 c5 74 46 80 3d 69 55 52
0x00007fffcab66004:   00 00 49 0f 45 cc 48 03 ce 4a 8d 34 b1 48 8d 1c
0x00007fffcab66014:   81 48 3b de 0f 83 c2 fe ff ff 66 90 8b 03 48 3b
0x00007fffcab66024:   05 af e5 5a 00 72 0c 48 8d 53 01 48 8b cf e8 29
0x00007fffcab66034:   5f ff ff 48 83 c3 04 48 3b de 72 e0 e9 9b fe ff
0x00007fffcab66044:   ff 80 3d 23 55 52 00 00 49 0f 45 cc 48 03 ce 4a
0x00007fffcab66054:   8d 34 f1 48 8d 1c c1 48 3b de 0f 83 7c fe ff ff
0x00007fffcab66064:   48 8b 05 65 e5 5a 00 48 39 03 72 0b 48 8b d3 48
0x00007fffcab66074:   8b cf e8 e5 5e ff ff 48 83 c3 08 48 3b de 72 e0
0x00007fffcab66084:   e9 57 fe ff ff f6 c3 01 74 5f 8b 53 ff 48 ff cb
0x00007fffcab66094:   8b 0d 9e 3f 52 00 48 d3 e2 48 03 15 8c 3f 52 00
0x00007fffcab660a4:   4c 8b 02 41 0f b6 c0 24 03 3c 03 74 0d 48 8b cf
0x00007fffcab660b4:   e8 d7 f1 ff ff 4c 8b c0 eb 05 90 49 83 e0 fc 8b
0x00007fffcab660c4:   0d 6f 3f 52 00 49 8b c0 48 2b 05 5d 3f 52 00 48
0x00007fffcab660d4:   d3 e8 89 03 48 8b 05 f1 e4 5a 00 48 3b d8 0f 83
0x00007fffcab660e4:   f8 fd ff ff 4c 3b c0 eb 3a 48 8b 13 48 8b 0a 0f
0x00007fffcab660f4:   b6 c1 24 03 3c 03 74 10 4c 8b c1 48 8b cf e8 89
0x00007fffcab66104:   f1 ff ff 48 8b c8 eb 05 90 48 83 e1 fc 48 89 0b
0x00007fffcab66114:   48 8b 05 b5 e4 5a 00 48 3b d8 0f 83 bc fd ff ff
0x00007fffcab66124:   48 3b c8 0f 82 b3 fd ff ff 8b 0d 45 29 58 00 48
0x00007fffcab66134:   8b 05 86 e4 5a 00 48 d3 eb 48 8b 48 30 c6 04 0b
0x00007fffcab66144:   02 e9 96 fd ff ff 48 8b 44 24 60 48 89 87 60 01
0x00007fffcab66154:   00 00 8b 87 60 01 00 00 48 83 bf 18 03 00 00 00
0x00007fffcab66164:   0f 85 76 fb ff ff 48 8b 5c 24 78 48 83 c4 20 41
0x00007fffcab66174:   5f 41 5e 41 5d 41 5c 5f 5e 5d c3 cc 8b c1 48 c1
0x00007fffcab66184:   e0 0a 48 03 05 03 e4 5a 00 c3 cc cc 40 53 41 57
0x00007fffcab66194:   48 83 ec 28 48 8b 05 d9 d8 5a 00 44 8b 3d 1e 0c


Stack slot to memory mapping:

stack at sp + 0 slots: 0x0000000081cbdb34 is pointing into object: java.lang.String 
{0x0000000081cbdb20} - klass: 'java/lang/String'
 - string: "DefaultMXBeanMappingFactory$Mappings"
 - ---- fields (total size 3 words):
 - private 'hash' 'I' @12  -2068015151 (0x84bc97d1)
 - private final 'coder' 'B' @16  0 (0x00)
 - private 'hashIsZero' 'Z' @17  false (0x00)
 - injected 'flags' 'B' @18  0 (0x00)
 - private final 'value' '[B' @20  [B{0x0000000081cbdb38} (0x81cbdb38)
stack at sp + 1 slots: 0x00007fffca84754e jvm.dll
stack at sp + 2 slots: 0x0000000000000009 is an unknown value
stack at sp + 3 slots: 0x0000008219aff801 points into unknown readable memory: 90 c4 d6 00 00 00 00
stack at sp + 4 slots: 0x0000000000000001 is an unknown value
stack at sp + 5 slots: 0x0000008219aff9e8 points into unknown readable memory: 0x00007fffcaeeb698 | 98 b6 ee ca ff 7f 00 00
stack at sp + 6 slots: 0x000001f6791c9a20 points into unknown readable memory: 0x0000000000000002 | 02 00 00 00 00 00 00 00
stack at sp + 7 slots: 0x0 is null


---------------  P R O C E S S  ---------------

Threads class SMR info:
_java_thread_list=0x000001f6435564b0, length=39, elements={
0x000001f65f7d2540, 0x000001f66199a0d0, 0x000001f66199b140, 0x000001f66199c530,
0x000001f66199d450, 0x000001f66199e370, 0x000001f6619a1df0, 0x000001f6619a2c30,
0x000001f661a17170, 0x000001f67913bb00, 0x000001f67928fb10, 0x000001f67e069ae0,
0x000001f679916570, 0x000001f679bcf210, 0x000001f679bcfc50, 0x000001f67e29e7e0,
0x000001f679424150, 0x000001f6792fb890, 0x000001f67e5d8110, 0x000001f67e5d73f0,
0x000001f67e5d5320, 0x000001f67e5d59b0, 0x000001f67e5d6d60, 0x000001f67e21d150,
0x000001f67e5d66d0, 0x000001f67e5d6040, 0x000001f679bb6bf0, 0x000001f679bbce60,
0x000001f679bb7910, 0x000001f679bbb420, 0x000001f679bb5ed0, 0x000001f679bb7280,
0x000001f679bb8cc0, 0x000001f679bb7fa0, 0x000001f679bb8630, 0x000001f679bb9350,
0x000001f679bb99e0, 0x000001f679bba070, 0x000001f679bbc140
}

Java Threads: ( => current thread )
  0x000001f65f7d2540 JavaThread "main"                              [_thread_blocked, id=13196, stack(0x0000008218b00000,0x0000008218c00000) (1024K)]
  0x000001f66199a0d0 JavaThread "Reference Handler"          daemon [_thread_blocked, id=16084, stack(0x0000008218f00000,0x0000008219000000) (1024K)]
  0x000001f66199b140 JavaThread "Finalizer"                  daemon [_thread_blocked, id=6220, stack(0x0000008219000000,0x0000008219100000) (1024K)]
  0x000001f66199c530 JavaThread "Signal Dispatcher"          daemon [_thread_blocked, id=16100, stack(0x0000008219100000,0x0000008219200000) (1024K)]
  0x000001f66199d450 JavaThread "Attach Listener"            daemon [_thread_blocked, id=15020, stack(0x0000008219200000,0x0000008219300000) (1024K)]
  0x000001f66199e370 JavaThread "Service Thread"             daemon [_thread_blocked, id=11480, stack(0x0000008219300000,0x0000008219400000) (1024K)]
  0x000001f6619a1df0 JavaThread "Monitor Deflation Thread"   daemon [_thread_blocked, id=9136, stack(0x0000008219400000,0x0000008219500000) (1024K)]
  0x000001f6619a2c30 JavaThread "C2 CompilerThread0"         daemon [_thread_blocked, id=3204, stack(0x0000008219500000,0x0000008219600000) (1024K)]
  0x000001f661a17170 JavaThread "C1 CompilerThread0"         daemon [_thread_blocked, id=11460, stack(0x0000008219600000,0x0000008219700000) (1024K)]
  0x000001f67913bb00 JavaThread "Common-Cleaner"             daemon [_thread_blocked, id=15836, stack(0x0000008219700000,0x0000008219800000) (1024K)]
  0x000001f67928fb10 JavaThread "Notification Thread"        daemon [_thread_blocked, id=15864, stack(0x0000008219800000,0x0000008219900000) (1024K)]
  0x000001f67e069ae0 JavaThread "Active Thread: Equinox Container: 4cc1eba0-416e-4922-a4bb-8ae53290f67b"        [_thread_blocked, id=15092, stack(0x0000008219d00000,0x0000008219e00000) (1024K)]
  0x000001f679916570 JavaThread "Refresh Thread: Equinox Container: 4cc1eba0-416e-4922-a4bb-8ae53290f67b" daemon [_thread_blocked, id=11340, stack(0x0000008219e00000,0x0000008219f00000) (1024K)]
  0x000001f679bcf210 JavaThread "Framework Event Dispatcher: Equinox Container: 4cc1eba0-416e-4922-a4bb-8ae53290f67b" daemon [_thread_blocked, id=5092, stack(0x0000008219f00000,0x000000821a000000) (1024K)]
  0x000001f679bcfc50 JavaThread "Start Level: Equinox Container: 4cc1eba0-416e-4922-a4bb-8ae53290f67b" daemon [_thread_blocked, id=15008, stack(0x000000821a000000,0x000000821a100000) (1024K)]
  0x000001f67e29e7e0 JavaThread "Bundle File Closer"         daemon [_thread_blocked, id=2424, stack(0x000000821a100000,0x000000821a200000) (1024K)]
  0x000001f679424150 JavaThread "SCR Component Actor"        daemon [_thread_blocked, id=11796, stack(0x0000008219900000,0x0000008219a00000) (1024K)]
  0x000001f6792fb890 JavaThread "Worker-JM"                         [_thread_blocked, id=15464, stack(0x000000821a300000,0x000000821a400000) (1024K)]
  0x000001f67e5d8110 JavaThread "JNA Cleaner"                daemon [_thread_blocked, id=14240, stack(0x000000821a200000,0x000000821a300000) (1024K)]
  0x000001f67e5d73f0 JavaThread "Worker-0"                          [_thread_blocked, id=2044, stack(0x000000821a400000,0x000000821a500000) (1024K)]
  0x000001f67e5d5320 JavaThread "Worker-1"                          [_thread_blocked, id=15672, stack(0x000000821a500000,0x000000821a600000) (1024K)]
  0x000001f67e5d59b0 JavaThread "Worker-2"                          [_thread_blocked, id=11952, stack(0x000000821a600000,0x000000821a700000) (1024K)]
  0x000001f67e5d6d60 JavaThread "Worker-3: Initialize Workspace"        [_thread_blocked, id=4420, stack(0x000000821a700000,0x000000821a800000) (1024K)]
  0x000001f67e21d150 JavaThread "C2 CompilerThread1"         daemon [_thread_blocked, id=11812, stack(0x000000821a800000,0x000000821a900000) (1024K)]
  0x000001f67e5d66d0 JavaThread "Java indexing"              daemon [_thread_blocked, id=7232, stack(0x000000821a900000,0x000000821aa00000) (1024K)]
  0x000001f67e5d6040 JavaThread "Worker-4"                          [_thread_blocked, id=15408, stack(0x000000821aa00000,0x000000821ab00000) (1024K)]
  0x000001f679bb6bf0 JavaThread "Worker-5"                          [_thread_blocked, id=8080, stack(0x000000821ab00000,0x000000821ac00000) (1024K)]
  0x000001f679bbce60 JavaThread "Thread-1"                   daemon [_thread_in_native, id=14580, stack(0x000000821ac00000,0x000000821ad00000) (1024K)]
  0x000001f679bb7910 JavaThread "Thread-2"                   daemon [_thread_in_native, id=13956, stack(0x000000821ad00000,0x000000821ae00000) (1024K)]
  0x000001f679bbb420 JavaThread "Thread-3"                   daemon [_thread_in_native, id=15496, stack(0x000000821ae00000,0x000000821af00000) (1024K)]
  0x000001f679bb5ed0 JavaThread "Thread-4"                   daemon [_thread_in_native, id=6548, stack(0x000000821af00000,0x000000821b000000) (1024K)]
  0x000001f679bb7280 JavaThread "Thread-5"                   daemon [_thread_in_native, id=9780, stack(0x000000821b000000,0x000000821b100000) (1024K)]
  0x000001f679bb8cc0 JavaThread "pool-2-thread-1"                   [_thread_blocked, id=14440, stack(0x000000821b100000,0x000000821b200000) (1024K)]
  0x000001f679bb7fa0 JavaThread "WorkspaceEventsHandler"            [_thread_blocked, id=14096, stack(0x000000821b200000,0x000000821b300000) (1024K)]
  0x000001f679bb8630 JavaThread "pool-1-thread-1"                   [_thread_blocked, id=15528, stack(0x000000821b300000,0x000000821b400000) (1024K)]
  0x000001f679bb9350 JavaThread "PatternSearchJob-worker-1"  daemon [_thread_blocked, id=15364, stack(0x000000821b400000,0x000000821b500000) (1024K)]
  0x000001f679bb99e0 JavaThread "PatternSearchJob-worker-2"  daemon [_thread_blocked, id=6092, stack(0x000000821b500000,0x000000821b600000) (1024K)]
  0x000001f679bba070 JavaThread "PatternSearchJob-worker-3"  daemon [_thread_blocked, id=8404, stack(0x000000821b600000,0x000000821b700000) (1024K)]
  0x000001f679bbc140 JavaThread "ProjectImportProgressReporter" daemon [_thread_blocked, id=1360, stack(0x000000821b700000,0x000000821b800000) (1024K)]
Total: 39

Other Threads:
  0x000001f661b6ab50 VMThread "VM Thread"                           [id=3632, stack(0x0000008218e00000,0x0000008218f00000) (1024K)]
  0x000001f661b1c670 WatcherThread "VM Periodic Task Thread"        [id=13368, stack(0x0000008218d00000,0x0000008218e00000) (1024K)]
  0x000001f661ad08c0 WorkerThread "GC Thread#0"                     [id=5292, stack(0x0000008218c00000,0x0000008218d00000) (1024K)]
=>0x000001f6796f1130 WorkerThread "GC Thread#1"                     [id=1944, stack(0x0000008219a00000,0x0000008219b00000) (1024K)]
  0x000001f679373be0 WorkerThread "GC Thread#2"                     [id=14396, stack(0x0000008219b00000,0x0000008219c00000) (1024K)]
  0x000001f679373f90 WorkerThread "GC Thread#3"                     [id=11728, stack(0x0000008219c00000,0x0000008219d00000) (1024K)]
Total: 6

Threads with active compile tasks:
C2 CompilerThread0  17649 6517       4       jdk.internal.jrtfs.JrtFileSystem::lambda$iteratorOf$1 (17 bytes)
C2 CompilerThread1  17649 6509       4       jdk.internal.jrtfs.JrtFileSystem$$Lambda/0x000001f60158f410::apply (16 bytes)
Total: 2

VM state: at safepoint (normal execution)

VM Mutex/Monitor currently owned by a thread:  ([mutex/lock_event])
[0x00007fffcb10f5b0] Threads_lock - owner thread: 0x000001f661b6ab50
[0x00007fffcb10f6b0] Heap_lock - owner thread: 0x000001f67e5d6d60

Heap address: 0x0000000080000000, size: 2048 MB, Compressed Oops mode: 32-bit

CDS archive(s) mapped at: [0x000001f600000000-0x000001f600ba0000-0x000001f600ba0000), size 12189696, SharedBaseAddress: 0x000001f600000000, ArchiveRelocationMode: 1.
Compressed class space mapped at: 0x000001f601000000-0x000001f641000000, reserved size: 1073741824
Narrow klass base: 0x000001f600000000, Narrow klass shift: 0, Narrow klass range: 0x100000000

GC Precious Log:
 CardTable entry size: 512
 CPUs: 4 total, 4 available
 Memory: 8058M
 Large Page Support: Disabled
 NUMA Support: Disabled
 Compressed Oops: Enabled (32-bit)
 Alignments: Space 512K, Generation 512K, Heap 2M
 Heap Min Capacity: 100M
 Heap Initial Capacity: 100M
 Heap Max Capacity: 2G
 Pre-touch: Disabled
 Parallel Workers: 4

Heap:
 PSYoungGen      total 26112K, used 25922K [0x00000000d5580000, 0x00000000d7380000, 0x0000000100000000)
  eden space 22016K, 100% used [0x00000000d5580000,0x00000000d6b00000,0x00000000d6b00000)
  from space 4096K, 95% used [0x00000000d6f80000,0x00000000d7350820,0x00000000d7380000)
  to   space 4096K, 85% used [0x00000000d6b80000,0x00000000d6ee9000,0x00000000d6f80000)
 ParOldGen       total 68608K, used 32044K [0x0000000080000000, 0x0000000084300000, 0x00000000d5580000)
  object space 68608K, 46% used [0x0000000080000000,0x0000000081f4b2d0,0x0000000084300000)
 Metaspace       used 47814K, committed 49024K, reserved 1114112K
  class space    used 5215K, committed 5696K, reserved 1048576K

Card table byte_map: [0x000001f661460000,0x000001f661870000] _byte_map_base: 0x000001f661060000

Marking Bits: (ParMarkBitMap*) 0x00007fffcb1144a0
 Begin Bits: [0x000001f673f70000, 0x000001f675f70000)
 End Bits:   [0x000001f675f70000, 0x000001f677f70000)

Polling page: 0x000001f65f930000

Metaspace:

Usage:
  Non-class:     41.60 MB used.
      Class:      5.09 MB used.
       Both:     46.69 MB used.

Virtual space:
  Non-class space:       64.00 MB reserved,      42.31 MB ( 66%) committed,  1 nodes.
      Class space:        1.00 GB reserved,       5.56 MB ( <1%) committed,  1 nodes.
             Both:        1.06 GB reserved,      47.88 MB (  4%) committed. 

Chunk freelists:
   Non-Class:  5.31 MB
       Class:  10.34 MB
        Both:  15.65 MB

MaxMetaspaceSize: unlimited
CompressedClassSpaceSize: 1.00 GB
Initial GC threshold: 21.00 MB
Current GC threshold: 58.38 MB
CDS: on
 - commit_granule_bytes: 65536.
 - commit_granule_words: 8192.
 - virtual_space_node_default_size: 8388608.
 - enlarge_chunks_in_place: 1.
 - use_allocation_guard: 0.


Internal statistics:

num_allocs_failed_limit: 6.
num_arena_births: 852.
num_arena_deaths: 14.
num_vsnodes_births: 2.
num_vsnodes_deaths: 0.
num_space_committed: 766.
num_space_uncommitted: 0.
num_chunks_returned_to_freelist: 20.
num_chunks_taken_from_freelist: 3015.
num_chunk_merges: 12.
num_chunk_splits: 1863.
num_chunks_enlarged: 1075.
num_inconsistent_stats: 0.

CodeHeap 'non-profiled nmethods': size=120000Kb used=2877Kb max_used=2877Kb free=117123Kb
 bounds [0x000001f66c790000, 0x000001f66ca60000, 0x000001f673cc0000]
CodeHeap 'profiled nmethods': size=120000Kb used=12473Kb max_used=12473Kb free=107526Kb
 bounds [0x000001f664cc0000, 0x000001f6658f0000, 0x000001f66c1f0000]
CodeHeap 'non-nmethods': size=5760Kb used=1368Kb max_used=1446Kb free=4391Kb
 bounds [0x000001f66c1f0000, 0x000001f66c460000, 0x000001f66c790000]
CodeCache: size=245760Kb, used=16718Kb, max_used=16796Kb, free=229040Kb
 total_blobs=6611, nmethods=5939, adapters=578, full_count=0
Compilation: enabled, stopped_count=0, restarted_count=0

Compilation events (20 events):
Event: 17.459 Thread 0x000001f661a17170 6531       2       java.lang.invoke.DirectMethodHandle$Holder::invokeStatic (14 bytes)
Event: 17.460 Thread 0x000001f661a17170 nmethod 6531 0x000001f6658eb710 code [0x000001f6658eb8c0, 0x000001f6658eba18]
Event: 17.460 Thread 0x000001f661a17170 6533       2       org.eclipse.jdt.internal.core.JavaElement::escapeMementoName (6 bytes)
Event: 17.460 Thread 0x000001f661a17170 nmethod 6533 0x000001f6658ebb10 code [0x000001f6658ebcc0, 0x000001f6658ebde8]
Event: 17.460 Thread 0x000001f661a17170 6532       1       org.eclipse.jdt.internal.core.JrtPackageFragmentRoot::getElementName (5 bytes)
Event: 17.460 Thread 0x000001f661a17170 nmethod 6532 0x000001f66ca5f110 code [0x000001f66ca5f2a0, 0x000001f66ca5f368]
Event: 17.476 Thread 0x000001f661a17170 6534       2       java.util.HashSet::remove (20 bytes)
Event: 17.477 Thread 0x000001f661a17170 nmethod 6534 0x000001f6658ebe90 code [0x000001f6658ec040, 0x000001f6658ec190]
Event: 17.477 Thread 0x000001f661a17170 6537  s    2       java.io.ByteArrayInputStream::read (73 bytes)
Event: 17.477 Thread 0x000001f661a17170 nmethod 6537 0x000001f6658ec210 code [0x000001f6658ec3e0, 0x000001f6658ec828]
Event: 17.477 Thread 0x000001f661a17170 6535       2       org.eclipse.jdt.internal.core.PackageFragmentRoot::getPath (5 bytes)
Event: 17.478 Thread 0x000001f661a17170 nmethod 6535 0x000001f6658ec990 code [0x000001f6658ecb40, 0x000001f6658ecc70]
Event: 17.478 Thread 0x000001f661a17170 6536       2       org.eclipse.jdt.internal.core.JarPackageFragmentRoot::internalPath (17 bytes)
Event: 17.478 Thread 0x000001f661a17170 nmethod 6536 0x000001f6658ecd10 code [0x000001f6658ecee0, 0x000001f6658ed0f0]
Event: 17.479 Thread 0x000001f661a17170 6538       2       java.lang.invoke.LambdaForm$MH/0x000001f60101fc00::invoke (110 bytes)
Event: 17.479 Thread 0x000001f661a17170 nmethod 6538 0x000001f6658ed290 code [0x000001f6658ed4a0, 0x000001f6658ed868]
Event: 17.479 Thread 0x000001f661a17170 6539       2       java.lang.invoke.LambdaForm$MH/0x000001f60101f400::invoke (46 bytes)
Event: 17.479 Thread 0x000001f661a17170 nmethod 6539 0x000001f6658edb90 code [0x000001f6658edd60, 0x000001f6658edf78]
Event: 17.480 Thread 0x000001f661a17170 6540       3       org.eclipse.jdt.internal.core.JrtPackageFragmentRoot$1::visitModule (10 bytes)
Event: 17.481 Thread 0x000001f661a17170 nmethod 6540 0x000001f6658ee110 code [0x000001f6658ee2e0, 0x000001f6658ee610]

GC Heap History (20 events):
Event: 14.269 GC heap after
{Heap after GC invocations=13 (full 1):
 PSYoungGen      total 23040K, used 994K [0x00000000d5580000, 0x00000000d7200000, 0x0000000100000000)
  eden space 22016K, 0% used [0x00000000d5580000,0x00000000d5580000,0x00000000d6b00000)
  from space 1024K, 97% used [0x00000000d7100000,0x00000000d71f8ab8,0x00000000d7200000)
  to   space 2560K, 0% used [0x00000000d6d00000,0x00000000d6d00000,0x00000000d6f80000)
 ParOldGen       total 68608K, used 16833K [0x0000000080000000, 0x0000000084300000, 0x00000000d5580000)
  object space 68608K, 24% used [0x0000000080000000,0x00000000810704f8,0x0000000084300000)
 Metaspace       used 33242K, committed 34240K, reserved 1114112K
  class space    used 3441K, committed 3904K, reserved 1048576K
}
Event: 14.498 GC heap before
{Heap before GC invocations=14 (full 1):
 PSYoungGen      total 23040K, used 18820K [0x00000000d5580000, 0x00000000d7200000, 0x0000000100000000)
  eden space 22016K, 80% used [0x00000000d5580000,0x00000000d66e87f8,0x00000000d6b00000)
  from space 1024K, 97% used [0x00000000d7100000,0x00000000d71f8ab8,0x00000000d7200000)
  to   space 2560K, 0% used [0x00000000d6d00000,0x00000000d6d00000,0x00000000d6f80000)
 ParOldGen       total 68608K, used 16833K [0x0000000080000000, 0x0000000084300000, 0x00000000d5580000)
  object space 68608K, 24% used [0x0000000080000000,0x00000000810704f8,0x0000000084300000)
 Metaspace       used 34829K, committed 35840K, reserved 1114112K
  class space    used 3654K, committed 4096K, reserved 1048576K
}
Event: 14.502 GC heap after
{Heap after GC invocations=14 (full 1):
 PSYoungGen      total 24576K, used 1390K [0x00000000d5580000, 0x00000000d7180000, 0x0000000100000000)
  eden space 22016K, 0% used [0x00000000d5580000,0x00000000d5580000,0x00000000d6b00000)
  from space 2560K, 54% used [0x00000000d6d00000,0x00000000d6e5bbc8,0x00000000d6f80000)
  to   space 2048K, 0% used [0x00000000d6f80000,0x00000000d6f80000,0x00000000d7180000)
 ParOldGen       total 68608K, used 17675K [0x0000000080000000, 0x0000000084300000, 0x00000000d5580000)
  object space 68608K, 25% used [0x0000000080000000,0x0000000081142f18,0x0000000084300000)
 Metaspace       used 34829K, committed 35840K, reserved 1114112K
  class space    used 3654K, committed 4096K, reserved 1048576K
}
Event: 14.502 GC heap before
{Heap before GC invocations=15 (full 2):
 PSYoungGen      total 24576K, used 1390K [0x00000000d5580000, 0x00000000d7180000, 0x0000000100000000)
  eden space 22016K, 0% used [0x00000000d5580000,0x00000000d5580000,0x00000000d6b00000)
  from space 2560K, 54% used [0x00000000d6d00000,0x00000000d6e5bbc8,0x00000000d6f80000)
  to   space 2048K, 0% used [0x00000000d6f80000,0x00000000d6f80000,0x00000000d7180000)
 ParOldGen       total 68608K, used 17675K [0x0000000080000000, 0x0000000084300000, 0x00000000d5580000)
  object space 68608K, 25% used [0x0000000080000000,0x0000000081142f18,0x0000000084300000)
 Metaspace       used 34829K, committed 35840K, reserved 1114112K
  class space    used 3654K, committed 4096K, reserved 1048576K
}
Event: 14.556 GC heap after
{Heap after GC invocations=15 (full 2):
 PSYoungGen      total 24576K, used 0K [0x00000000d5580000, 0x00000000d7180000, 0x0000000100000000)
  eden space 22016K, 0% used [0x00000000d5580000,0x00000000d5580000,0x00000000d6b00000)
  from space 2560K, 0% used [0x00000000d6d00000,0x00000000d6d00000,0x00000000d6f80000)
  to   space 2048K, 0% used [0x00000000d6f80000,0x00000000d6f80000,0x00000000d7180000)
 ParOldGen       total 68608K, used 18181K [0x0000000080000000, 0x0000000084300000, 0x00000000d5580000)
  object space 68608K, 26% used [0x0000000080000000,0x00000000811c16d0,0x0000000084300000)
 Metaspace       used 34829K, committed 35840K, reserved 1114112K
  class space    used 3654K, committed 4096K, reserved 1048576K
}
Event: 14.833 GC heap before
{Heap before GC invocations=16 (full 2):
 PSYoungGen      total 24576K, used 22016K [0x00000000d5580000, 0x00000000d7180000, 0x0000000100000000)
  eden space 22016K, 100% used [0x00000000d5580000,0x00000000d6b00000,0x00000000d6b00000)
  from space 2560K, 0% used [0x00000000d6d00000,0x00000000d6d00000,0x00000000d6f80000)
  to   space 2048K, 0% used [0x00000000d6f80000,0x00000000d6f80000,0x00000000d7180000)
 ParOldGen       total 68608K, used 18183K [0x0000000080000000, 0x0000000084300000, 0x00000000d5580000)
  object space 68608K, 26% used [0x0000000080000000,0x00000000811c1fb8,0x0000000084300000)
 Metaspace       used 37556K, committed 38592K, reserved 1114112K
  class space    used 3988K, committed 4416K, reserved 1048576K
}
Event: 14.836 GC heap after
{Heap after GC invocations=16 (full 2):
 PSYoungGen      total 23040K, used 864K [0x00000000d5580000, 0x00000000d7080000, 0x0000000100000000)
  eden space 22016K, 0% used [0x00000000d5580000,0x00000000d5580000,0x00000000d6b00000)
  from space 1024K, 84% used [0x00000000d6f80000,0x00000000d7058020,0x00000000d7080000)
  to   space 1536K, 0% used [0x00000000d6d80000,0x00000000d6d80000,0x00000000d6f00000)
 ParOldGen       total 68608K, used 18191K [0x0000000080000000, 0x0000000084300000, 0x00000000d5580000)
  object space 68608K, 26% used [0x0000000080000000,0x00000000811c3fb8,0x0000000084300000)
 Metaspace       used 37556K, committed 38592K, reserved 1114112K
  class space    used 3988K, committed 4416K, reserved 1048576K
}
Event: 15.134 GC heap before
{Heap before GC invocations=17 (full 2):
 PSYoungGen      total 23040K, used 22880K [0x00000000d5580000, 0x00000000d7080000, 0x0000000100000000)
  eden space 22016K, 100% used [0x00000000d5580000,0x00000000d6b00000,0x00000000d6b00000)
  from space 1024K, 84% used [0x00000000d6f80000,0x00000000d7058020,0x00000000d7080000)
  to   space 1536K, 0% used [0x00000000d6d80000,0x00000000d6d80000,0x00000000d6f00000)
 ParOldGen       total 68608K, used 18191K [0x0000000080000000, 0x0000000084300000, 0x00000000d5580000)
  object space 68608K, 26% used [0x0000000080000000,0x00000000811c3fb8,0x0000000084300000)
 Metaspace       used 39830K, committed 40960K, reserved 1114112K
  class space    used 4276K, committed 4800K, reserved 1048576K
}
Event: 15.142 GC heap after
{Heap after GC invocations=17 (full 2):
 PSYoungGen      total 23552K, used 1536K [0x00000000d5580000, 0x00000000d7200000, 0x0000000100000000)
  eden space 22016K, 0% used [0x00000000d5580000,0x00000000d5580000,0x00000000d6b00000)
  from space 1536K, 100% used [0x00000000d6d80000,0x00000000d6f00000,0x00000000d6f00000)
  to   space 3072K, 0% used [0x00000000d6f00000,0x00000000d6f00000,0x00000000d7200000)
 ParOldGen       total 68608K, used 19705K [0x0000000080000000, 0x0000000084300000, 0x00000000d5580000)
  object space 68608K, 28% used [0x0000000080000000,0x000000008133e470,0x0000000084300000)
 Metaspace       used 39830K, committed 40960K, reserved 1114112K
  class space    used 4276K, committed 4800K, reserved 1048576K
}
Event: 15.460 GC heap before
{Heap before GC invocations=18 (full 2):
 PSYoungGen      total 23552K, used 23552K [0x00000000d5580000, 0x00000000d7200000, 0x0000000100000000)
  eden space 22016K, 100% used [0x00000000d5580000,0x00000000d6b00000,0x00000000d6b00000)
  from space 1536K, 100% used [0x00000000d6d80000,0x00000000d6f00000,0x00000000d6f00000)
  to   space 3072K, 0% used [0x00000000d6f00000,0x00000000d6f00000,0x00000000d7200000)
 ParOldGen       total 68608K, used 19705K [0x0000000080000000, 0x0000000084300000, 0x00000000d5580000)
  object space 68608K, 28% used [0x0000000080000000,0x000000008133e470,0x0000000084300000)
 Metaspace       used 41257K, committed 42368K, reserved 1114112K
  class space    used 4446K, committed 4928K, reserved 1048576K
}
Event: 15.467 GC heap after
{Heap after GC invocations=18 (full 2):
 PSYoungGen      total 24064K, used 2048K [0x00000000d5580000, 0x00000000d7100000, 0x0000000100000000)
  eden space 22016K, 0% used [0x00000000d5580000,0x00000000d5580000,0x00000000d6b00000)
  from space 2048K, 100% used [0x00000000d6f00000,0x00000000d7100000,0x00000000d7100000)
  to   space 2560K, 0% used [0x00000000d6c00000,0x00000000d6c00000,0x00000000d6e80000)
 ParOldGen       total 68608K, used 21233K [0x0000000080000000, 0x0000000084300000, 0x00000000d5580000)
  object space 68608K, 30% used [0x0000000080000000,0x00000000814bc470,0x0000000084300000)
 Metaspace       used 41257K, committed 42368K, reserved 1114112K
  class space    used 4446K, committed 4928K, reserved 1048576K
}
Event: 16.049 GC heap before
{Heap before GC invocations=19 (full 2):
 PSYoungGen      total 24064K, used 24064K [0x00000000d5580000, 0x00000000d7100000, 0x0000000100000000)
  eden space 22016K, 100% used [0x00000000d5580000,0x00000000d6b00000,0x00000000d6b00000)
  from space 2048K, 100% used [0x00000000d6f00000,0x00000000d7100000,0x00000000d7100000)
  to   space 2560K, 0% used [0x00000000d6c00000,0x00000000d6c00000,0x00000000d6e80000)
 ParOldGen       total 68608K, used 21233K [0x0000000080000000, 0x0000000084300000, 0x00000000d5580000)
  object space 68608K, 30% used [0x0000000080000000,0x00000000814bc470,0x0000000084300000)
 Metaspace       used 43758K, committed 44928K, reserved 1114112K
  class space    used 4784K, committed 5312K, reserved 1048576K
}
Event: 16.059 GC heap after
{Heap after GC invocations=19 (full 2):
 PSYoungGen      total 23552K, used 1472K [0x00000000d5580000, 0x00000000d6f80000, 0x0000000100000000)
  eden space 22016K, 0% used [0x00000000d5580000,0x00000000d5580000,0x00000000d6b00000)
  from space 1536K, 95% used [0x00000000d6c00000,0x00000000d6d70000,0x00000000d6d80000)
  to   space 2048K, 0% used [0x00000000d6d80000,0x00000000d6d80000,0x00000000d6f80000)
 ParOldGen       total 68608K, used 23224K [0x0000000080000000, 0x0000000084300000, 0x00000000d5580000)
  object space 68608K, 33% used [0x0000000080000000,0x00000000816ae338,0x0000000084300000)
 Metaspace       used 43758K, committed 44928K, reserved 1114112K
  class space    used 4784K, committed 5312K, reserved 1048576K
}
Event: 16.527 GC heap before
{Heap before GC invocations=20 (full 2):
 PSYoungGen      total 23552K, used 23488K [0x00000000d5580000, 0x00000000d6f80000, 0x0000000100000000)
  eden space 22016K, 100% used [0x00000000d5580000,0x00000000d6b00000,0x00000000d6b00000)
  from space 1536K, 95% used [0x00000000d6c00000,0x00000000d6d70000,0x00000000d6d80000)
  to   space 2048K, 0% used [0x00000000d6d80000,0x00000000d6d80000,0x00000000d6f80000)
 ParOldGen       total 68608K, used 23224K [0x0000000080000000, 0x0000000084300000, 0x00000000d5580000)
  object space 68608K, 33% used [0x0000000080000000,0x00000000816ae338,0x0000000084300000)
 Metaspace       used 46033K, committed 47168K, reserved 1114112K
  class space    used 5039K, committed 5504K, reserved 1048576K
}
Event: 16.531 GC heap after
{Heap after GC invocations=20 (full 2):
 PSYoungGen      total 23040K, used 944K [0x00000000d5580000, 0x00000000d6e80000, 0x0000000100000000)
  eden space 22016K, 0% used [0x00000000d5580000,0x00000000d5580000,0x00000000d6b00000)
  from space 1024K, 92% used [0x00000000d6d80000,0x00000000d6e6c010,0x00000000d6e80000)
  to   space 1536K, 0% used [0x00000000d6b80000,0x00000000d6b80000,0x00000000d6d00000)
 ParOldGen       total 68608K, used 24554K [0x0000000080000000, 0x0000000084300000, 0x00000000d5580000)
  object space 68608K, 35% used [0x0000000080000000,0x00000000817fa9d8,0x0000000084300000)
 Metaspace       used 46033K, committed 47168K, reserved 1114112K
  class space    used 5039K, committed 5504K, reserved 1048576K
}
Event: 17.167 GC heap before
{Heap before GC invocations=21 (full 2):
 PSYoungGen      total 23040K, used 22960K [0x00000000d5580000, 0x00000000d6e80000, 0x0000000100000000)
  eden space 22016K, 100% used [0x00000000d5580000,0x00000000d6b00000,0x00000000d6b00000)
  from space 1024K, 92% used [0x00000000d6d80000,0x00000000d6e6c010,0x00000000d6e80000)
  to   space 1536K, 0% used [0x00000000d6b80000,0x00000000d6b80000,0x00000000d6d00000)
 ParOldGen       total 68608K, used 24554K [0x0000000080000000, 0x0000000084300000, 0x00000000d5580000)
  object space 68608K, 35% used [0x0000000080000000,0x00000000817fa9d8,0x0000000084300000)
 Metaspace       used 47278K, committed 48448K, reserved 1114112K
  class space    used 5150K, committed 5632K, reserved 1048576K
}
Event: 17.174 GC heap after
{Heap after GC invocations=21 (full 2):
 PSYoungGen      total 23552K, used 1504K [0x00000000d5580000, 0x00000000d7400000, 0x0000000100000000)
  eden space 22016K, 0% used [0x00000000d5580000,0x00000000d5580000,0x00000000d6b00000)
  from space 1536K, 97% used [0x00000000d6b80000,0x00000000d6cf8030,0x00000000d6d00000)
  to   space 4608K, 0% used [0x00000000d6f80000,0x00000000d6f80000,0x00000000d7400000)
 ParOldGen       total 68608K, used 26842K [0x0000000080000000, 0x0000000084300000, 0x00000000d5580000)
  object space 68608K, 39% used [0x0000000080000000,0x0000000081a36be8,0x0000000084300000)
 Metaspace       used 47278K, committed 48448K, reserved 1114112K
  class space    used 5150K, committed 5632K, reserved 1048576K
}
Event: 17.349 GC heap before
{Heap before GC invocations=22 (full 2):
 PSYoungGen      total 23552K, used 23520K [0x00000000d5580000, 0x00000000d7400000, 0x0000000100000000)
  eden space 22016K, 100% used [0x00000000d5580000,0x00000000d6b00000,0x00000000d6b00000)
  from space 1536K, 97% used [0x00000000d6b80000,0x00000000d6cf8030,0x00000000d6d00000)
  to   space 4608K, 0% used [0x00000000d6f80000,0x00000000d6f80000,0x00000000d7400000)
 ParOldGen       total 68608K, used 26842K [0x0000000080000000, 0x0000000084300000, 0x00000000d5580000)
  object space 68608K, 39% used [0x0000000080000000,0x0000000081a36be8,0x0000000084300000)
 Metaspace       used 47714K, committed 48896K, reserved 1114112K
  class space    used 5211K, committed 5696K, reserved 1048576K
}
Event: 17.359 GC heap after
{Heap after GC invocations=22 (full 2):
 PSYoungGen      total 26112K, used 3906K [0x00000000d5580000, 0x00000000d7380000, 0x0000000100000000)
  eden space 22016K, 0% used [0x00000000d5580000,0x00000000d5580000,0x00000000d6b00000)
  from space 4096K, 95% used [0x00000000d6f80000,0x00000000d7350820,0x00000000d7380000)
  to   space 4096K, 0% used [0x00000000d6b80000,0x00000000d6b80000,0x00000000d6f80000)
 ParOldGen       total 68608K, used 28296K [0x0000000080000000, 0x0000000084300000, 0x00000000d5580000)
  object space 68608K, 41% used [0x0000000080000000,0x0000000081ba2358,0x0000000084300000)
 Metaspace       used 47714K, committed 48896K, reserved 1114112K
  class space    used 5211K, committed 5696K, reserved 1048576K
}
Event: 17.486 GC heap before
{Heap before GC invocations=23 (full 2):
 PSYoungGen      total 26112K, used 25922K [0x00000000d5580000, 0x00000000d7380000, 0x0000000100000000)
  eden space 22016K, 100% used [0x00000000d5580000,0x00000000d6b00000,0x00000000d6b00000)
  from space 4096K, 95% used [0x00000000d6f80000,0x00000000d7350820,0x00000000d7380000)
  to   space 4096K, 0% used [0x00000000d6b80000,0x00000000d6b80000,0x00000000d6f80000)
 ParOldGen       total 68608K, used 28296K [0x0000000080000000, 0x0000000084300000, 0x00000000d5580000)
  object space 68608K, 41% used [0x0000000080000000,0x0000000081ba2358,0x0000000084300000)
 Metaspace       used 47814K, committed 49024K, reserved 1114112K
  class space    used 5215K, committed 5696K, reserved 1048576K
}

Dll operation events (20 events):
Event: 0.029 Attempting to load shared library c:\Users\admin\.vscode\extensions\redhat.java-1.56.0-win32-x64\jre\21.0.12.1-win32-x86_64\bin\java.dll
Event: 0.029 Loaded shared library c:\Users\admin\.vscode\extensions\redhat.java-1.56.0-win32-x64\jre\21.0.12.1-win32-x86_64\bin\java.dll
Event: 0.589 Attempting to load shared library c:\Users\admin\.vscode\extensions\redhat.java-1.56.0-win32-x64\jre\21.0.12.1-win32-x86_64\bin\zip.dll
Event: 0.589 Loaded shared library c:\Users\admin\.vscode\extensions\redhat.java-1.56.0-win32-x64\jre\21.0.12.1-win32-x86_64\bin\zip.dll
Event: 0.868 Attempting to load shared library C:\Users\admin\.vscode\extensions\redhat.java-1.56.0-win32-x64\jre\21.0.12.1-win32-x86_64\bin\instrument.dll
Event: 0.868 Loaded shared library C:\Users\admin\.vscode\extensions\redhat.java-1.56.0-win32-x64\jre\21.0.12.1-win32-x86_64\bin\instrument.dll
Event: 0.885 Attempting to load shared library C:\Users\admin\.vscode\extensions\redhat.java-1.56.0-win32-x64\jre\21.0.12.1-win32-x86_64\bin\net.dll
Event: 0.886 Loaded shared library C:\Users\admin\.vscode\extensions\redhat.java-1.56.0-win32-x64\jre\21.0.12.1-win32-x86_64\bin\net.dll
Event: 0.889 Attempting to load shared library C:\Users\admin\.vscode\extensions\redhat.java-1.56.0-win32-x64\jre\21.0.12.1-win32-x86_64\bin\nio.dll
Event: 0.889 Loaded shared library C:\Users\admin\.vscode\extensions\redhat.java-1.56.0-win32-x64\jre\21.0.12.1-win32-x86_64\bin\nio.dll
Event: 0.895 Attempting to load shared library C:\Users\admin\.vscode\extensions\redhat.java-1.56.0-win32-x64\jre\21.0.12.1-win32-x86_64\bin\zip.dll
Event: 0.895 Loaded shared library C:\Users\admin\.vscode\extensions\redhat.java-1.56.0-win32-x64\jre\21.0.12.1-win32-x86_64\bin\zip.dll
Event: 0.977 Attempting to load shared library C:\Users\admin\.vscode\extensions\redhat.java-1.56.0-win32-x64\jre\21.0.12.1-win32-x86_64\bin\jimage.dll
Event: 0.977 Loaded shared library C:\Users\admin\.vscode\extensions\redhat.java-1.56.0-win32-x64\jre\21.0.12.1-win32-x86_64\bin\jimage.dll
Event: 1.338 Attempting to load shared library c:\Users\admin\.vscode\extensions\redhat.java-1.56.0-win32-x64\jre\21.0.12.1-win32-x86_64\bin\verify.dll
Event: 1.339 Loaded shared library c:\Users\admin\.vscode\extensions\redhat.java-1.56.0-win32-x64\jre\21.0.12.1-win32-x86_64\bin\verify.dll
Event: 4.208 Attempting to load shared library C:\Users\admin\AppData\Roaming\Code\User\globalStorage\redhat.java\1.56.0\config_win\org.eclipse.equinox.launcher\org.eclipse.equinox.launcher.win32.win32.x86_64_1.3.100.v20260804-1928\eclipse_11924.dll
Event: 4.211 Loaded shared library C:\Users\admin\AppData\Roaming\Code\User\globalStorage\redhat.java\1.56.0\config_win\org.eclipse.equinox.launcher\org.eclipse.equinox.launcher.win32.win32.x86_64_1.3.100.v20260804-1928\eclipse_11924.dll
Event: 9.961 Attempting to load shared library C:\Users\admin\AppData\Local\Temp\jna-92668751\jna16456645401563121806.dll
Event: 10.099 Loaded shared library C:\Users\admin\AppData\Local\Temp\jna-92668751\jna16456645401563121806.dll

Deoptimization events (20 events):
Event: 16.900 Thread 0x000001f67e5d6d60 Uncommon trap: trap_request=0xffffff45 fr.pc=0x000001f66c8f3da8 relative=0x0000000000005508
Event: 16.900 Thread 0x000001f67e5d6d60 Uncommon trap: reason=unstable_if action=reinterpret pc=0x000001f66c8f3da8 method=java.lang.invoke.MethodType.genericMethodType(IZ)Ljava/lang/invoke/MethodType; @ 27 c2
Event: 16.900 Thread 0x000001f67e5d6d60 DEOPT PACKING pc=0x000001f66c8f3da8 sp=0x000000821a7fc6e0
Event: 16.900 Thread 0x000001f67e5d6d60 DEOPT UNPACKING pc=0x000001f66c243aa2 sp=0x000000821a7fc4f0 mode 2
Event: 16.900 Thread 0x000001f67e5d6d60 Uncommon trap: trap_request=0xffffff45 fr.pc=0x000001f66c9d8140 relative=0x0000000000000340
Event: 16.900 Thread 0x000001f67e5d6d60 Uncommon trap: reason=unstable_if action=reinterpret pc=0x000001f66c9d8140 method=java.lang.invoke.MethodType.genericMethodType(IZ)Ljava/lang/invoke/MethodType; @ 27 c2
Event: 16.900 Thread 0x000001f67e5d6d60 DEOPT PACKING pc=0x000001f66c9d8140 sp=0x000000821a7fc5f0
Event: 16.900 Thread 0x000001f67e5d6d60 DEOPT UNPACKING pc=0x000001f66c243aa2 sp=0x000000821a7fc4e8 mode 2
Event: 17.053 Thread 0x000001f67e5d6d60 Uncommon trap: trap_request=0xffffff45 fr.pc=0x000001f66ca30700 relative=0x00000000000001c0
Event: 17.053 Thread 0x000001f67e5d6d60 Uncommon trap: reason=unstable_if action=reinterpret pc=0x000001f66ca30700 method=jdk.internal.jrtfs.JrtPath.normalize(Ljava/lang/String;)Ljava/lang/String; @ 78 c2
Event: 17.053 Thread 0x000001f67e5d6d60 DEOPT PACKING pc=0x000001f66ca30700 sp=0x000000821a7fdbf0
Event: 17.053 Thread 0x000001f67e5d6d60 DEOPT UNPACKING pc=0x000001f66c243aa2 sp=0x000000821a7fdb70 mode 2
Event: 17.167 Thread 0x000001f67e5d6d60 Uncommon trap: trap_request=0xffffff45 fr.pc=0x000001f66ca3dbb4 relative=0x0000000000001234
Event: 17.167 Thread 0x000001f67e5d6d60 Uncommon trap: reason=unstable_if action=reinterpret pc=0x000001f66ca3dbb4 method=org.eclipse.jdt.internal.core.util.Util.splitOn(CLjava/lang/String;II)[Ljava/lang/String; @ 21 c2
Event: 17.167 Thread 0x000001f67e5d6d60 DEOPT PACKING pc=0x000001f66ca3dbb4 sp=0x000000821a7fdb30
Event: 17.167 Thread 0x000001f67e5d6d60 DEOPT UNPACKING pc=0x000001f66c243aa2 sp=0x000000821a7fdaf8 mode 2
Event: 17.203 Thread 0x000001f67e5d6d60 Uncommon trap: trap_request=0xffffff76 fr.pc=0x000001f66ca3b924 relative=0x0000000000000484
Event: 17.203 Thread 0x000001f67e5d6d60 Uncommon trap: reason=predicate action=maybe_recompile pc=0x000001f66ca3b924 method=java.util.ArrayList.equalsRange(Ljava/util/List;II)Z @ 31 c2
Event: 17.203 Thread 0x000001f67e5d6d60 DEOPT PACKING pc=0x000001f66ca3b924 sp=0x000000821a7fde40
Event: 17.203 Thread 0x000001f67e5d6d60 DEOPT UNPACKING pc=0x000001f66c243aa2 sp=0x000000821a7fddc8 mode 2

Classes loaded (20 events):
Event: 16.922 Loading class java/nio/file/ClosedDirectoryStreamException
Event: 16.923 Loading class java/nio/file/ClosedDirectoryStreamException done
Event: 16.923 Loading class jdk/internal/jimage/ImageReader$Node
Event: 16.925 Loading class jdk/internal/jimage/ImageReader$Node done
Event: 16.926 Loading class jdk/internal/jrtfs/JrtFileSystem
Event: 16.926 Loading class jdk/internal/jrtfs/JrtFileSystem done
Event: 16.926 Loading class jdk/internal/jrtfs/JrtPath
Event: 16.927 Loading class jdk/internal/jrtfs/JrtPath done
Event: 16.932 Loading class jdk/internal/jimage/ModuleLink
Event: 16.932 Loading class jdk/internal/jimage/ModuleLink done
Event: 16.932 Loading class jdk/internal/jimage/ModuleLink
Event: 16.932 Loading class jdk/internal/jimage/ModuleLink done
Event: 16.933 Loading class jdk/internal/jimage/ImageReader$Directory
Event: 16.933 Loading class jdk/internal/jimage/ImageReader$Directory done
Event: 17.232 Loading class java/util/AbstractList$ListItr
Event: 17.232 Loading class java/util/AbstractList$ListItr done
Event: 17.244 Loading class java/nio/channels/Channels$ReadableByteChannelImpl
Event: 17.245 Loading class java/nio/channels/Channels$ReadableByteChannelImpl done
Event: 17.245 Loading class java/nio/channels/NonWritableChannelException
Event: 17.246 Loading class java/nio/channels/NonWritableChannelException done

Classes unloaded (7 events):
Event: 11.468 Thread 0x000001f661b6ab50 Unloading class 0x000001f6011a9400 'java/lang/invoke/LambdaForm$MH+0x000001f6011a9400'
Event: 11.468 Thread 0x000001f661b6ab50 Unloading class 0x000001f6011a9000 'java/lang/invoke/LambdaForm$MH+0x000001f6011a9000'
Event: 11.468 Thread 0x000001f661b6ab50 Unloading class 0x000001f6011a8c00 'java/lang/invoke/LambdaForm$MH+0x000001f6011a8c00'
Event: 11.468 Thread 0x000001f661b6ab50 Unloading class 0x000001f6011a8800 'java/lang/invoke/LambdaForm$MH+0x000001f6011a8800'
Event: 11.468 Thread 0x000001f661b6ab50 Unloading class 0x000001f6011a8400 'java/lang/invoke/LambdaForm$BMH+0x000001f6011a8400'
Event: 11.468 Thread 0x000001f661b6ab50 Unloading class 0x000001f6011a8000 'java/lang/invoke/LambdaForm$DMH+0x000001f6011a8000'
Event: 11.469 Thread 0x000001f661b6ab50 Unloading class 0x000001f6011a6c00 'java/lang/invoke/LambdaForm$DMH+0x000001f6011a6c00'

Classes redefined (0 events):
No events

Internal exceptions (20 events):
Event: 16.244 Thread 0x000001f67e5d59b0 Exception <a 'java/lang/NoSuchMethodError'{0x00000000d5e4dcf0}: 'java.lang.Object java.lang.invoke.DirectMethodHandle$Holder.newInvokeSpecial(java.lang.Object, java.lang.Object, java.lang.Object, int)'> (0x00000000d5e4dcf0) 
thrown [s\src\hotspot\share\interpreter\linkResolver.cpp, line 773]
Event: 16.245 Thread 0x000001f67e5d59b0 Exception <a 'java/lang/NoSuchMethodError'{0x00000000d5e51b18}: 'java.lang.Object java.lang.invoke.DirectMethodHandle$Holder.invokeSpecial(java.lang.Object, java.lang.Object, java.lang.Object, java.lang.Object, int)'> (0x00000000d5e51b18) 
thrown [s\src\hotspot\share\interpreter\linkResolver.cpp, line 773]
Event: 16.245 Thread 0x000001f67e5d59b0 Exception <a 'java/lang/NoSuchMethodError'{0x00000000d5e55270}: 'java.lang.Object java.lang.invoke.Invokers$Holder.linkToTargetMethod(java.lang.Object, java.lang.Object, int, java.lang.Object)'> (0x00000000d5e55270) 
thrown [s\src\hotspot\share\interpreter\linkResolver.cpp, line 773]
Event: 16.332 Thread 0x000001f679bb8630 Exception <a 'java/io/FileNotFoundException'{0x00000000d6332138}> (0x00000000d6332138) 
thrown [s\src\hotspot\share\prims\jni.cpp, line 520]
Event: 16.461 Thread 0x000001f67e5d6d60 Exception <a 'java/lang/NoSuchMethodError'{0x00000000d6894db0}: 'int java.lang.invoke.DirectMethodHandle$Holder.invokeSpecialIFC(java.lang.Object, java.lang.Object, java.lang.Object, java.lang.Object)'> (0x00000000d6894db0) 
thrown [s\src\hotspot\share\interpreter\linkResolver.cpp, line 773]
Event: 16.535 Thread 0x000001f679bb8630 Exception <a 'java/lang/IncompatibleClassChangeError'{0x00000000d559c968}: Found class java.lang.Object, but interface was expected> (0x00000000d559c968) 
thrown [s\src\hotspot\share\interpreter\linkResolver.cpp, line 840]
Event: 16.541 Thread 0x000001f67e5d6d60 Exception <a 'java/lang/NoSuchMethodError'{0x00000000d55ccff0}: 'int java.lang.invoke.DirectMethodHandle$Holder.invokeInterface(java.lang.Object, java.lang.Object)'> (0x00000000d55ccff0) 
thrown [s\src\hotspot\share\interpreter\linkResolver.cpp, line 773]
Event: 16.542 Thread 0x000001f67e5d6d60 Exception <a 'java/lang/IncompatibleClassChangeError'{0x00000000d55d0000}: Found class java.lang.Object, but interface was expected> (0x00000000d55d0000) 
thrown [s\src\hotspot\share\interpreter\linkResolver.cpp, line 840]
Event: 16.723 Thread 0x000001f67e5d6d60 Exception <a 'sun/nio/fs/WindowsException'{0x00000000d577a138}> (0x00000000d577a138) 
thrown [s\src\hotspot\share\prims\jni.cpp, line 520]
Event: 16.726 Thread 0x000001f67e5d6d60 Exception <a 'sun/nio/fs/WindowsException'{0x00000000d577a700}> (0x00000000d577a700) 
thrown [s\src\hotspot\share\prims\jni.cpp, line 520]
Event: 16.726 Thread 0x000001f67e5d6d60 Exception <a 'sun/nio/fs/WindowsException'{0x00000000d577acd0}> (0x00000000d577acd0) 
thrown [s\src\hotspot\share\prims\jni.cpp, line 520]
Event: 16.726 Thread 0x000001f67e5d6d60 Exception <a 'sun/nio/fs/WindowsException'{0x00000000d577b2b0}> (0x00000000d577b2b0) 
thrown [s\src\hotspot\share\prims\jni.cpp, line 520]
Event: 16.826 Thread 0x000001f67e5d6d60 Exception <a 'sun/nio/fs/WindowsException'{0x00000000d5789cb8}> (0x00000000d5789cb8) 
thrown [s\src\hotspot\share\prims\jni.cpp, line 520]
Event: 16.826 Thread 0x000001f67e5d6d60 Exception <a 'sun/nio/fs/WindowsException'{0x00000000d578a280}> (0x00000000d578a280) 
thrown [s\src\hotspot\share\prims\jni.cpp, line 520]
Event: 16.826 Thread 0x000001f67e5d6d60 Exception <a 'sun/nio/fs/WindowsException'{0x00000000d578a850}> (0x00000000d578a850) 
thrown [s\src\hotspot\share\prims\jni.cpp, line 520]
Event: 16.826 Thread 0x000001f67e5d6d60 Exception <a 'sun/nio/fs/WindowsException'{0x00000000d578ae30}> (0x00000000d578ae30) 
thrown [s\src\hotspot\share\prims\jni.cpp, line 520]
Event: 16.829 Thread 0x000001f67e5d6d60 Exception <a 'sun/nio/fs/WindowsException'{0x00000000d5798790}> (0x00000000d5798790) 
thrown [s\src\hotspot\share\prims\jni.cpp, line 520]
Event: 16.831 Thread 0x000001f67e5d6d60 Exception <a 'sun/nio/fs/WindowsException'{0x00000000d57a17e8}> (0x00000000d57a17e8) 
thrown [s\src\hotspot\share\prims\jni.cpp, line 520]
Event: 16.897 Thread 0x000001f67e5d6d60 Exception <a 'java/lang/NoSuchMethodError'{0x00000000d59b6b58}: 'java.lang.Object java.lang.invoke.DelegatingMethodHandle$Holder.reinvoke_L(java.lang.Object, int, long, java.lang.Object, java.lang.Object, int, java.lang.Object)'> (0x00000000d59b6b58) 
thrown [s\src\hotspot\share\interpreter\linkResolver.cpp, line 773]
Event: 17.049 Thread 0x000001f67e5d6d60 Exception <a 'java/lang/NoSuchMethodError'{0x00000000d5ec7720}: 'java.lang.Object java.lang.invoke.Invokers$Holder.invoke_MT(java.lang.Object, java.lang.Object, java.lang.Object, java.lang.Object, java.lang.Object, java.lang.Object, java.lang.Object, java.lang.Object, java.lang.Object, java.lang.Object)'> (0x00000000d5ec7720) 
thrown [s\src\hotspot\share\interpreter\linkResolver.cpp, line 773]

ZGC Phase Switch (0 events):
No events

VM Operations (20 events):
Event: 16.059 Executing safepoint VM operation: ParallelGCFailedAllocation (Allocation Failure) done
Event: 16.320 Executing non-safepoint VM operation: HandshakeAllThreads (Deoptimize)
Event: 16.320 Executing non-safepoint VM operation: HandshakeAllThreads (Deoptimize) done
Event: 16.526 Executing safepoint VM operation: ParallelGCFailedAllocation (Allocation Failure)
Event: 16.531 Executing safepoint VM operation: ParallelGCFailedAllocation (Allocation Failure) done
Event: 16.881 Executing non-safepoint VM operation: HandshakeAllThreads (Deoptimize)
Event: 16.881 Executing non-safepoint VM operation: HandshakeAllThreads (Deoptimize) done
Event: 16.908 Executing non-safepoint VM operation: HandshakeAllThreads (Deoptimize)
Event: 16.909 Executing non-safepoint VM operation: HandshakeAllThreads (Deoptimize) done
Event: 16.909 Executing non-safepoint VM operation: HandshakeAllThreads (Deoptimize)
Event: 16.910 Executing non-safepoint VM operation: HandshakeAllThreads (Deoptimize) done
Event: 16.930 Executing non-safepoint VM operation: HandshakeAllThreads (Deoptimize)
Event: 16.930 Executing non-safepoint VM operation: HandshakeAllThreads (Deoptimize) done
Event: 17.167 Executing safepoint VM operation: ParallelGCFailedAllocation (Allocation Failure)
Event: 17.174 Executing safepoint VM operation: ParallelGCFailedAllocation (Allocation Failure) done
Event: 17.233 Executing non-safepoint VM operation: HandshakeAllThreads (Deoptimize)
Event: 17.233 Executing non-safepoint VM operation: HandshakeAllThreads (Deoptimize) done
Event: 17.349 Executing safepoint VM operation: ParallelGCFailedAllocation (Allocation Failure)
Event: 17.359 Executing safepoint VM operation: ParallelGCFailedAllocation (Allocation Failure) done
Event: 17.486 Executing safepoint VM operation: ParallelGCFailedAllocation (Allocation Failure)

Memory protections (0 events):
No events

Nmethod flushes (20 events):
Event: 14.526 Thread 0x000001f661b6ab50 flushing  nmethod 0x000001f665305690
Event: 14.526 Thread 0x000001f661b6ab50 flushing  nmethod 0x000001f665305e90
Event: 14.526 Thread 0x000001f661b6ab50 flushing  nmethod 0x000001f665306610
Event: 14.526 Thread 0x000001f661b6ab50 flushing  nmethod 0x000001f665307b90
Event: 14.526 Thread 0x000001f661b6ab50 flushing  nmethod 0x000001f665308090
Event: 14.526 Thread 0x000001f661b6ab50 flushing  nmethod 0x000001f665308590
Event: 14.526 Thread 0x000001f661b6ab50 flushing  nmethod 0x000001f665308990
Event: 14.526 Thread 0x000001f661b6ab50 flushing  nmethod 0x000001f665308e10
Event: 14.526 Thread 0x000001f661b6ab50 flushing  nmethod 0x000001f665309990
Event: 14.526 Thread 0x000001f661b6ab50 flushing  nmethod 0x000001f66530b410
Event: 14.526 Thread 0x000001f661b6ab50 flushing  nmethod 0x000001f66530b710
Event: 14.526 Thread 0x000001f661b6ab50 flushing  nmethod 0x000001f665314710
Event: 14.526 Thread 0x000001f661b6ab50 flushing  nmethod 0x000001f665315e90
Event: 14.526 Thread 0x000001f661b6ab50 flushing  nmethod 0x000001f66531e210
Event: 14.526 Thread 0x000001f661b6ab50 flushing  nmethod 0x000001f665335510
Event: 14.526 Thread 0x000001f661b6ab50 flushing  nmethod 0x000001f665347590
Event: 14.526 Thread 0x000001f661b6ab50 flushing  nmethod 0x000001f66534a610
Event: 14.526 Thread 0x000001f661b6ab50 flushing  nmethod 0x000001f6653a1910
Event: 14.526 Thread 0x000001f661b6ab50 flushing  nmethod 0x000001f6653a3a10
Event: 14.526 Thread 0x000001f661b6ab50 flushing  nmethod 0x000001f6653c9a10

Events (20 events):
Event: 10.604 Thread 0x000001f661a17170 Thread added: 0x000001f679a75670
Event: 11.532 Thread 0x000001f679a75670 Thread exited: 0x000001f679a75670
Event: 12.459 Thread 0x000001f67e5d73f0 Thread added: 0x000001f67e5d59b0
Event: 12.706 Thread 0x000001f67e5d59b0 Thread added: 0x000001f67e5d6d60
Event: 12.771 Thread 0x000001f661a17170 Thread added: 0x000001f67e21d150
Event: 13.244 Thread 0x000001f679bcfc50 Thread added: 0x000001f67e5d66d0
Event: 14.414 Thread 0x000001f67e5d6d60 Thread added: 0x000001f67e5d6040
Event: 14.600 Thread 0x000001f67e5d6040 Thread added: 0x000001f679bb6bf0
Event: 14.703 Thread 0x000001f65f7d2540 Thread added: 0x000001f679bbce60
Event: 14.704 Thread 0x000001f65f7d2540 Thread added: 0x000001f679bb7910
Event: 14.704 Thread 0x000001f65f7d2540 Thread added: 0x000001f679bbb420
Event: 14.704 Thread 0x000001f65f7d2540 Thread added: 0x000001f679bb5ed0
Event: 14.705 Thread 0x000001f65f7d2540 Thread added: 0x000001f679bb7280
Event: 14.733 Thread 0x000001f65f7d2540 Thread added: 0x000001f679bb8cc0
Event: 15.013 Thread 0x000001f65f7d2540 Thread added: 0x000001f679bb7fa0
Event: 15.013 Thread 0x000001f65f7d2540 Thread added: 0x000001f679bb8630
Event: 16.266 Thread 0x000001f67e5d59b0 Thread added: 0x000001f679bb9350
Event: 16.267 Thread 0x000001f679bb9350 Thread added: 0x000001f679bb99e0
Event: 16.267 Thread 0x000001f679bb99e0 Thread added: 0x000001f679bba070
Event: 16.559 Thread 0x000001f67e5d6d60 Thread added: 0x000001f679bbc140


Dynamic libraries:
0x00007ff763440000 - 0x00007ff76344e000 	c:\Users\admin\.vscode\extensions\redhat.java-1.56.0-win32-x64\jre\21.0.12.1-win32-x86_64\bin\java.exe
0x00007ff8762b0000 - 0x00007ff8764a8000 	C:\Windows\SYSTEM32\ntdll.dll
0x00007ff875300000 - 0x00007ff8753c2000 	C:\Windows\System32\KERNEL32.DLL
0x00007ff873a60000 - 0x00007ff873d56000 	C:\Windows\System32\KERNELBASE.dll
0x00007ff874030000 - 0x00007ff874130000 	C:\Windows\System32\ucrtbase.dll
0x00007ff858ff0000 - 0x00007ff859008000 	c:\Users\admin\.vscode\extensions\redhat.java-1.56.0-win32-x64\jre\21.0.12.1-win32-x86_64\bin\jli.dll
0x00007ff8755e0000 - 0x00007ff875781000 	C:\Windows\System32\USER32.dll
0x00007ff874000000 - 0x00007ff874022000 	C:\Windows\System32\win32u.dll
0x00007ff8760d0000 - 0x00007ff8760fb000 	C:\Windows\System32\GDI32.dll
0x00007ff873940000 - 0x00007ff873a59000 	C:\Windows\System32\gdi32full.dll
0x00007ff8741b0000 - 0x00007ff87424d000 	C:\Windows\System32\msvcp_win.dll
0x00007ff860080000 - 0x00007ff86009e000 	c:\Users\admin\.vscode\extensions\redhat.java-1.56.0-win32-x64\jre\21.0.12.1-win32-x86_64\bin\VCRUNTIME140.dll
0x00007ff85df70000 - 0x00007ff85e20b000 	C:\Windows\WinSxS\amd64_microsoft.windows.common-controls_6595b64144ccf1df_6.0.19041.6456_none_60b8a6cb71f64256\COMCTL32.dll
0x00007ff875b10000 - 0x00007ff875bae000 	C:\Windows\System32\msvcrt.dll
0x00007ff876100000 - 0x00007ff87612f000 	C:\Windows\System32\IMM32.DLL
0x00007ff86cc80000 - 0x00007ff86cc8c000 	c:\Users\admin\.vscode\extensions\redhat.java-1.56.0-win32-x64\jre\21.0.12.1-win32-x86_64\bin\vcruntime140_1.dll
0x00007ff8038b0000 - 0x00007ff80393d000 	c:\Users\admin\.vscode\extensions\redhat.java-1.56.0-win32-x64\jre\21.0.12.1-win32-x86_64\bin\msvcp140.dll
0x00007fffca450000 - 0x00007fffcb1f2000 	c:\Users\admin\.vscode\extensions\redhat.java-1.56.0-win32-x64\jre\21.0.12.1-win32-x86_64\bin\server\jvm.dll
0x00007ff874980000 - 0x00007ff874a31000 	C:\Windows\System32\ADVAPI32.dll
0x00007ff875a70000 - 0x00007ff875b0f000 	C:\Windows\System32\sechost.dll
0x00007ff8754c0000 - 0x00007ff8755e0000 	C:\Windows\System32\RPCRT4.dll
0x00007ff8742a0000 - 0x00007ff8742c7000 	C:\Windows\System32\bcrypt.dll
0x00007ff875450000 - 0x00007ff8754bb000 	C:\Windows\System32\WS2_32.dll
0x00007ff8737a0000 - 0x00007ff8737eb000 	C:\Windows\SYSTEM32\POWRPROF.dll
0x00007ff85dea0000 - 0x00007ff85dec7000 	C:\Windows\SYSTEM32\WINMM.dll
0x00007ff86c110000 - 0x00007ff86c11a000 	C:\Windows\SYSTEM32\VERSION.dll
0x00007ff873780000 - 0x00007ff873792000 	C:\Windows\SYSTEM32\UMPDC.dll
0x00007ff8717b0000 - 0x00007ff8717c2000 	C:\Windows\SYSTEM32\kernel.appcore.dll
0x00007ff86cba0000 - 0x00007ff86cbaa000 	c:\Users\admin\.vscode\extensions\redhat.java-1.56.0-win32-x64\jre\21.0.12.1-win32-x86_64\bin\jimage.dll
0x00007ff863b40000 - 0x00007ff863d41000 	C:\Windows\SYSTEM32\DBGHELP.DLL
0x00007ff864260000 - 0x00007ff864294000 	C:\Windows\SYSTEM32\dbgcore.DLL
0x00007ff873f70000 - 0x00007ff873ff2000 	C:\Windows\System32\bcryptPrimitives.dll
0x00007ff861870000 - 0x00007ff86187f000 	c:\Users\admin\.vscode\extensions\redhat.java-1.56.0-win32-x64\jre\21.0.12.1-win32-x86_64\bin\instrument.dll
0x00007ff8585c0000 - 0x00007ff8585e0000 	c:\Users\admin\.vscode\extensions\redhat.java-1.56.0-win32-x64\jre\21.0.12.1-win32-x86_64\bin\java.dll
0x00007ff874b20000 - 0x00007ff875290000 	C:\Windows\System32\SHELL32.dll
0x00007ff8719b0000 - 0x00007ff872155000 	C:\Windows\SYSTEM32\windows.storage.dll
0x00007ff8742d0000 - 0x00007ff874624000 	C:\Windows\System32\combase.dll
0x00007ff873290000 - 0x00007ff8732bb000 	C:\Windows\SYSTEM32\Wldp.dll
0x00007ff8747e0000 - 0x00007ff8748ad000 	C:\Windows\System32\OLEAUT32.dll
0x00007ff875bb0000 - 0x00007ff875c5d000 	C:\Windows\System32\SHCORE.dll
0x00007ff874ac0000 - 0x00007ff874b1b000 	C:\Windows\System32\shlwapi.dll
0x00007ff873870000 - 0x00007ff873894000 	C:\Windows\SYSTEM32\profapi.dll
0x00007ff858510000 - 0x00007ff858528000 	c:\Users\admin\.vscode\extensions\redhat.java-1.56.0-win32-x64\jre\21.0.12.1-win32-x86_64\bin\zip.dll
0x00007ff8616c0000 - 0x00007ff8616d0000 	C:\Users\admin\.vscode\extensions\redhat.java-1.56.0-win32-x64\jre\21.0.12.1-win32-x86_64\bin\net.dll
0x00007ff8692a0000 - 0x00007ff8693aa000 	C:\Windows\SYSTEM32\WINHTTP.dll
0x00007ff872ff0000 - 0x00007ff87305a000 	C:\Windows\system32\mswsock.dll
0x00007ff858440000 - 0x00007ff858456000 	C:\Users\admin\.vscode\extensions\redhat.java-1.56.0-win32-x64\jre\21.0.12.1-win32-x86_64\bin\nio.dll
0x00007ff85ed00000 - 0x00007ff85ed10000 	c:\Users\admin\.vscode\extensions\redhat.java-1.56.0-win32-x64\jre\21.0.12.1-win32-x86_64\bin\verify.dll
0x00007ff8019b0000 - 0x00007ff8019f5000 	C:\Users\admin\AppData\Roaming\Code\User\globalStorage\redhat.java\1.56.0\config_win\org.eclipse.equinox.launcher\org.eclipse.equinox.launcher.win32.win32.x86_64_1.3.100.v20260804-1928\eclipse_11924.dll
0x00007ff875940000 - 0x00007ff875a6b000 	C:\Windows\System32\ole32.dll
0x00007ff8731f0000 - 0x00007ff873208000 	C:\Windows\SYSTEM32\CRYPTSP.dll
0x00007ff872910000 - 0x00007ff872948000 	C:\Windows\system32\rsaenh.dll
0x00007ff8737f0000 - 0x00007ff87381e000 	C:\Windows\SYSTEM32\USERENV.dll
0x00007ff8731e0000 - 0x00007ff8731ec000 	C:\Windows\SYSTEM32\CRYPTBASE.dll
0x00007ff872cd0000 - 0x00007ff872d0b000 	C:\Windows\SYSTEM32\IPHLPAPI.DLL
0x00007ff875290000 - 0x00007ff875298000 	C:\Windows\System32\NSI.dll
0x00007ffffdcc0000 - 0x00007ffffdd09000 	C:\Users\admin\AppData\Local\Temp\jna-92668751\jna16456645401563121806.dll
0x00007ff874a40000 - 0x00007ff874a48000 	C:\Windows\System32\PSAPI.DLL
0x00007ff869cc0000 - 0x00007ff869cd7000 	C:\Windows\SYSTEM32\dhcpcsvc6.DLL
0x00007ff86b150000 - 0x00007ff86b16d000 	C:\Windows\SYSTEM32\dhcpcsvc.DLL

JVMTI agents:
c:\Users\admin\.vscode\extensions\redhat.java-1.56.0-win32-x64\lombok\lombok-1.18.39-4050.jar path:c:\Users\admin\.vscode\extensions\redhat.java-1.56.0-win32-x64\jre\21.0.12.1-win32-x86_64\bin\instrument.dll, loaded, initialized, instrumentlib options:none

dbghelp: loaded successfully - version: 4.0.5 - missing functions: none
symbol engine: initialized successfully - sym options: 0x614 - pdb path: .;c:\Users\admin\.vscode\extensions\redhat.java-1.56.0-win32-x64\jre\21.0.12.1-win32-x86_64\bin;C:\Windows\SYSTEM32;C:\Windows\WinSxS\amd64_microsoft.windows.common-controls_6595b64144ccf1df_6.0.19041.6456_none_60b8a6cb71f64256;c:\Users\admin\.vscode\extensions\redhat.java-1.56.0-win32-x64\jre\21.0.12.1-win32-x86_64\bin\server;C:\Users\admin\AppData\Roaming\Code\User\globalStorage\redhat.java\1.56.0\config_win\org.eclipse.equinox.launcher\org.eclipse.equinox.launcher.win32.win32.x86_64_1.3.100.v20260804-1928;C:\Users\admin\AppData\Local\Temp\jna-92668751

VM Arguments:
jvm_args: --add-modules=ALL-SYSTEM --add-opens=java.base/java.util=ALL-UNNAMED --add-opens=java.base/java.lang=ALL-UNNAMED --add-opens=java.base/sun.nio.fs=ALL-UNNAMED -Declipse.application=org.eclipse.jdt.ls.core.id1 -Dosgi.bundles.defaultStartLevel=4 -Declipse.product=org.eclipse.jdt.ls.core.product -Djava.import.generatesMetadataFilesAtProjectRoot=false -Dm2e.project.cache.size=50 -DDetectVMInstallationsJob.disabled=true -Dfile.encoding=utf8 -XX:+UseParallelGC -XX:GCTimeRatio=4 -XX:AdaptiveSizePolicyWeight=90 -Dsun.zip.disableMemoryMapping=true -Xmx2G -Xms100m -Xlog:disable -javaagent:c:\Users\admin\.vscode\extensions\redhat.java-1.56.0-win32-x64\lombok\lombok-1.18.39-4050.jar -XX:+HeapDumpOnOutOfMemoryError -XX:HeapDumpPath=c:\Users\admin\AppData\Roaming\Code\User\workspaceStorage\d15ed8417d2da775a7767e5f46cb5732\redhat.java -Daether.dependencyCollector.impl=bf 
java_command: c:\Users\admin\.vscode\extensions\redhat.java-1.56.0-win32-x64\server\plugins\org.eclipse.equinox.launcher_1.8.0.v20260804-1928.jar -configuration c:\Users\admin\AppData\Roaming\Code\User\globalStorage\redhat.java\1.56.0\config_win -data c:\Users\admin\AppData\Roaming\Code\User\workspaceStorage\d15ed8417d2da775a7767e5f46cb5732\redhat.java\jdt_ws --pipe=\\.\pipe\lsp-7d8ae88ac959933fa52d20fd6a2c3f3e-sock
java_class_path (initial): c:\Users\admin\.vscode\extensions\redhat.java-1.56.0-win32-x64\server\plugins\org.eclipse.equinox.launcher_1.8.0.v20260804-1928.jar
Launcher Type: SUN_STANDARD

[Global flags]
    uintx AdaptiveSizePolicyWeight                 = 90                                        {product} {command line}
     intx CICompilerCount                          = 3                                         {product} {ergonomic}
    uintx GCTimeRatio                              = 4                                         {product} {command line}
     bool HeapDumpOnOutOfMemoryError               = true                                   {manageable} {command line}
    ccstr HeapDumpPath                             = c:\Users\admin\AppData\Roaming\Code\User\workspaceStorage\d15ed8417d2da775a7767e5f46cb5732\redhat.java         {manageable} {command line}
   size_t InitialHeapSize                          = 104857600                                 {product} {command line}
   size_t MaxHeapSize                              = 2147483648                                {product} {command line}
   size_t MaxNewSize                               = 715653120                                 {product} {ergonomic}
   size_t MinHeapDeltaBytes                        = 524288                                    {product} {ergonomic}
   size_t MinHeapSize                              = 104857600                                 {product} {command line}
   size_t NewSize                                  = 34603008                                  {product} {ergonomic}
    uintx NonNMethodCodeHeapSize                   = 5832780                                {pd product} {ergonomic}
    uintx NonProfiledCodeHeapSize                  = 122912730                              {pd product} {ergonomic}
   size_t OldSize                                  = 70254592                                  {product} {ergonomic}
    uintx ProfiledCodeHeapSize                     = 122912730                              {pd product} {ergonomic}
    uintx ReservedCodeCacheSize                    = 251658240                              {pd product} {ergonomic}
     bool SegmentedCodeCache                       = true                                      {product} {ergonomic}
   size_t SoftMaxHeapSize                          = 2147483648                             {manageable} {ergonomic}
     bool UseCompressedOops                        = true                           {product lp64_product} {ergonomic}
     bool UseLargePagesIndividualAllocation        = false                                  {pd product} {ergonomic}
     bool UseParallelGC                            = true                                      {product} {command line}

Logging:
Log output configuration:
 #0: stdout all=off uptime,level,tags foldmultilines=false
 #1: stderr all=off uptime,level,tags foldmultilines=false

Release file:
JAVA_VERSION="21.0.12.1" 
MODULES="java.base java.compiler java.datatransfer java.xml java.prefs java.desktop java.instrument java.logging java.management java.security.sasl java.naming java.rmi java.management.rmi java.net.http java.scripting java.security.jgss java.transaction.xa java.sql java.sql.rowset java.xml.crypto java.se java.smartcardio jdk.accessibility jdk.internal.jvmstat jdk.attach jdk.charsets jdk.internal.opt jdk.zipfs jdk.compiler jdk.crypto.ec jdk.crypto.cryptoki jdk.crypto.mscapi jdk.dynalink jdk.internal.ed jdk.editpad jdk.hotspot.agent jdk.httpserver jdk.internal.le jdk.internal.vm.ci jdk.internal.vm.compiler jdk.internal.vm.compiler.management jdk.jartool jdk.javadoc jdk.jcmd jdk.management jdk.management.agent jdk.jconsole jdk.jdeps jdk.jdwp.agent jdk.jdi jdk.jfr jdk.jshell jdk.jsobject jdk.jstatd jdk.localedata jdk.management.jfr jdk.naming.dns jdk.naming.rmi jdk.net jdk.nio.mapmode jdk.random jdk.sctp jdk.security.auth jdk.security.jgss jdk.unsupported jdk.unsupported.desktop jdk.xml.dom" 

Environment Variables:
PATH=C:\Program Files\Common Files\Oracle\Java\javapath;C:\Windows\system32;C:\Windows;C:\Windows\System32\Wbem;C:\Windows\System32\WindowsPowerShell\v1.0\;C:\Windows\System32\OpenSSH\;C:\Users\admin\AppData\Local\Microsoft\WindowsApps;C:\Users\admin\AppData\Local\Programs\Microsoft VS Code\bin
USERNAME=admin
OS=Windows_NT
PROCESSOR_IDENTIFIER=Intel64 Family 6 Model 142 Stepping 9, GenuineIntel
TMP=C:\Users\admin\AppData\Local\Temp
TEMP=C:\Users\admin\AppData\Local\Temp




Periodic native trim disabled

---------------  S Y S T E M  ---------------

OS:
 Windows 10 , 64 bit Build 19041 (10.0.19041.5915)
OS uptime: 0 days 3:10 hours

CPU: total 4 (initial active 4) (2 cores per cpu, 2 threads per core) family 6 model 142 stepping 9 microcode 0xd6, cx8, cmov, fxsr, ht, mmx, 3dnowpref, sse, sse2, sse3, ssse3, sse4.1, sse4.2, popcnt, lzcnt, tsc, tscinvbit, avx, avx2, aes, erms, clmul, bmi1, bmi2, adx, fma, vzeroupper, clflush, clflushopt, rdtscp, f16c
Processor Information for processor 0
  Max Mhz: 2300, Current Mhz: 2300, Mhz Limit: 2300
Processor Information for processor 1
  Max Mhz: 2300, Current Mhz: 1500, Mhz Limit: 2300
Processor Information for processor 2
  Max Mhz: 2300, Current Mhz: 1500, Mhz Limit: 2300
Processor Information for processor 3
  Max Mhz: 2300, Current Mhz: 2300, Mhz Limit: 2300

Memory: 4k page, system-wide physical 8058M (1700M free)
TotalPageFile size 11170M (AvailPageFile size 2051M)
current process WorkingSet (physical memory assigned to process): 214M, peak: 223M
current process commit charge ("private bytes"): 313M, peak: 331M

vm_info: OpenJDK 64-Bit Server VM (21.0.12.1+1-LTS) for windows-amd64 JRE (21.0.12.1+1-LTS), built on 2026-08-18T00:00:00Z by "admin" with MS VC++ 17.12 (VS2022)

END.
